broker.id=0
broker.rack=0
advertised.listeners=INTERNAL://kafka-0.kafka.pkc-1mqdxgn.svc.cluster.local:9071,REPLICATION://kafka-0.kafka.pkc-1mqdxgn.svc.cluster.local:9072,EXTERNAL://b0-pkc-1mqdxgn.us-central1.gcp.priv.cpdev.cloud:9092